3
123
456
789
undefined
true
true
true
false
456
12345
undefined
123
2
[0, 1]
[1, 2]
[0, 1]
[7, 9]