15
3.140
-0.544
-0.224
-0.839
0.974
0.648
-0.230
8
11.314
15.625
24.705
7.389
23.104
3.219
2.531
1.398
1.099
1.414
5.612
7.000
8.000
13.000
7.000
9.000
13.000
7.000
8.000
12.000