3
true
true
true
false
true
false
2
false
true
true
false
false
true
10